ast.VarDecl(
    ast.Ident(
        IDENT(i)
    ),
    ast.UnaryExpr(
        SUB(-),
        ast.BasicLit(
            INT(1)
        )
    )
)
ast.VarDecl(
    ast.Ident(
        IDENT(max)
    ),
    ast.BasicLit(
        INT(10)
    )
)
ast.ForStmt(
    ast.BasicLit(
        BOOL(true)
    ),
    ast.BlockStmt(
        ast.IncDecStmt(
            ast.Ident(
                IDENT(i)
            ),
            INC(++)
        ),
        ast.IfStmt(
            ast.BinaryExpr(
                ast.Ident(
                    IDENT(i)
                ),
                GTR(>),
                ast.Ident(
                    IDENT(max)
                )
            ),
            ast.BlockStmt(
                ast.BranchStmt(
                    BREAK(break),
                )
            ),
        ),
        ast.IfStmt(
            ast.BinaryExpr(
                ast.BinaryExpr(
                    ast.Ident(
                        IDENT(i)
                    ),
                    REM(%),
                    ast.BasicLit(
                        INT(2)
                    )
                ),
                EQL(==),
                ast.BasicLit(
                    INT(1)
                )
            ),
            ast.BlockStmt(
                ast.PrintStmt(
                    ast.BasicLit(
                        STRING("odd")
                    )
                ),
                ast.BranchStmt(
                    CONTINUE(continue),
                )
            ),
        ),
        ast.PrintStmt(
            ast.BasicLit(
                STRING("even")
            )
        )
    )
)
