ast.FuncDecl(
    ast.Ident(
        IDENT(fact)
    ),
    ast.Field(
        ast.Ident(
            IDENT(n)
        )
        ast.Ident(
            IDENT(int)
        )
    )
    ast.Field(
        ast.Ident(
            IDENT(int)
        )
    )
    ast.IfStmt(
        ast.BinaryExpr(
            ast.Ident(
                IDENT(n)
            ),
            LEQ(<=),
            ast.BasicLit(
                INT(1)
            )
        ),
        ast.BlockStmt(
            ast.ReturnStmt(
                ast.BasicLit(
                    INT(1)
                )
            )
        ),
    ),
    ast.ReturnStmt(
        ast.BinaryExpr(
            ast.Ident(
                IDENT(n)
            ),
            MUL(*),
            ast.CallExpr(
                ast.Ident(
                    IDENT(fact)
                ),
                ast.BinaryExpr(
                    ast.Ident(
                        IDENT(n)
                    ),
                    SUB(-),
                    ast.BasicLit(
                        INT(1)
                    )
                )
            )
        )
    )
)
ast.PrintStmt(
    ast.CallExpr(
        ast.Ident(
            IDENT(fact)
        ),
        ast.BasicLit(
            INT(6)
        )
    )
)
